
Allocating common symbols
Common symbol       size              file

qbuf                0x5               ..\obj\main.o

Discarded input sections

 .text          0x00000000        0x0 ..\obj\startup_stm32f10x_md_vl.o
 .data          0x00000000        0x0 ..\obj\startup_stm32f10x_md_vl.o
 .bss           0x00000000        0x0 ..\obj\startup_stm32f10x_md_vl.o
 .text          0x00000000        0x0 ..\obj\core_cm3.o
 .data          0x00000000        0x0 ..\obj\core_cm3.o
 .bss           0x00000000        0x0 ..\obj\core_cm3.o
 .text.__get_PSP
                0x00000000       0x10 ..\obj\core_cm3.o
 .text.__set_PSP
                0x00000000        0x8 ..\obj\core_cm3.o
 .text.__get_MSP
                0x00000000       0x10 ..\obj\core_cm3.o
 .text.__set_MSP
                0x00000000        0x8 ..\obj\core_cm3.o
 .text.__get_BASEPRI
                0x00000000       0x20 ..\obj\core_cm3.o
 .text.__set_BASEPRI
                0x00000000       0x18 ..\obj\core_cm3.o
 .text.__get_PRIMASK
                0x00000000       0x20 ..\obj\core_cm3.o
 .text.__set_PRIMASK
                0x00000000       0x18 ..\obj\core_cm3.o
 .text.__get_FAULTMASK
                0x00000000       0x20 ..\obj\core_cm3.o
 .text.__set_FAULTMASK
                0x00000000       0x18 ..\obj\core_cm3.o
 .text.__get_CONTROL
                0x00000000       0x20 ..\obj\core_cm3.o
 .text.__set_CONTROL
                0x00000000       0x18 ..\obj\core_cm3.o
 .text.__REV    0x00000000       0x24 ..\obj\core_cm3.o
 .text.__REV16  0x00000000       0x24 ..\obj\core_cm3.o
 .text.__REVSH  0x00000000       0x24 ..\obj\core_cm3.o
 .text.__RBIT   0x00000000       0x24 ..\obj\core_cm3.o
 .text.__LDREXB
                0x00000000       0x24 ..\obj\core_cm3.o
 .text.__LDREXH
                0x00000000       0x24 ..\obj\core_cm3.o
 .text.__LDREXW
                0x00000000       0x24 ..\obj\core_cm3.o
 .text.__STREXB
                0x00000000       0x2c ..\obj\core_cm3.o
 .text.__STREXH
                0x00000000       0x2c ..\obj\core_cm3.o
 .text.__STREXW
                0x00000000       0x28 ..\obj\core_cm3.o
 .text          0x00000000        0x0 ..\obj\system_stm32f10x.o
 .data          0x00000000       0x14 ..\obj\system_stm32f10x.o
 .bss           0x00000000        0x0 ..\obj\system_stm32f10x.o
 .text.SystemCoreClockUpdate
                0x00000000      0x13c ..\obj\system_stm32f10x.o
 .text          0x00000000        0x0 ..\obj\hd44780_driver.o
 .data          0x00000000        0x0 ..\obj\hd44780_driver.o
 .bss           0x00000000        0x0 ..\obj\hd44780_driver.o
 .text.lcd_set_user_char
                0x00000000       0x64 ..\obj\hd44780_driver.o
 .text.lcd_set_xy
                0x00000000       0x44 ..\obj\hd44780_driver.o
 .text          0x00000000        0x0 ..\obj\stm32f10x_gpio.o
 .data          0x00000000        0x0 ..\obj\stm32f10x_gpio.o
 .bss           0x00000000        0x0 ..\obj\stm32f10x_gpio.o
 .text.GPIO_DeInit
                0x00000000      0x128 ..\obj\stm32f10x_gpio.o
 .text.GPIO_AFIODeInit
                0x00000000       0x20 ..\obj\stm32f10x_gpio.o
 .text.GPIO_StructInit
                0x00000000       0x2c ..\obj\stm32f10x_gpio.o
 .text.GPIO_ReadInputDataBit
                0x00000000       0x3c ..\obj\stm32f10x_gpio.o
 .text.GPIO_ReadInputData
                0x00000000       0x1c ..\obj\stm32f10x_gpio.o
 .text.GPIO_ReadOutputDataBit
                0x00000000       0x3c ..\obj\stm32f10x_gpio.o
 .text.GPIO_ReadOutputData
                0x00000000       0x1c ..\obj\stm32f10x_gpio.o
 .text.GPIO_SetBits
                0x00000000       0x1c ..\obj\stm32f10x_gpio.o
 .text.GPIO_ResetBits
                0x00000000       0x1c ..\obj\stm32f10x_gpio.o
 .text.GPIO_WriteBit
                0x00000000       0x30 ..\obj\stm32f10x_gpio.o
 .text.GPIO_Write
                0x00000000       0x1c ..\obj\stm32f10x_gpio.o
 .text.GPIO_PinLockConfig
                0x00000000       0x44 ..\obj\stm32f10x_gpio.o
 .text.GPIO_EventOutputConfig
                0x00000000       0x54 ..\obj\stm32f10x_gpio.o
 .text.GPIO_EventOutputCmd
                0x00000000       0x20 ..\obj\stm32f10x_gpio.o
 .text.GPIO_PinRemapConfig
                0x00000000      0x120 ..\obj\stm32f10x_gpio.o
 .text.GPIO_EXTILineConfig
                0x00000000       0xb4 ..\obj\stm32f10x_gpio.o
 .text.GPIO_ETH_MediaInterfaceConfig
                0x00000000       0x20 ..\obj\stm32f10x_gpio.o
 .text          0x00000000        0x0 ..\obj\main.o
 .data          0x00000000       0x40 ..\obj\main.o
 .bss           0x00000000        0xc ..\obj\main.o
 .rodata        0x00000000       0x4c ..\obj\main.o
 .text.menu     0x00000000      0x15c ..\obj\main.o
 .text.check_button
                0x00000000       0x5c ..\obj\main.o
 .text.delay_ms
                0x00000000       0x2c ..\obj\main.o
 .text.set_power
                0x00000000       0xb0 ..\obj\main.o
 .text          0x00000000        0x0 ..\obj\stm32f10x_rcc.o
 .data          0x00000000       0x14 ..\obj\stm32f10x_rcc.o
 .bss           0x00000000        0x0 ..\obj\stm32f10x_rcc.o
 .text.RCC_DeInit
                0x00000000       0xac ..\obj\stm32f10x_rcc.o
 .text.RCC_HSEConfig
                0x00000000       0x88 ..\obj\stm32f10x_rcc.o
 .text.RCC_WaitForHSEStartUp
                0x00000000       0x64 ..\obj\stm32f10x_rcc.o
 .text.RCC_AdjustHSICalibrationValue
                0x00000000       0x48 ..\obj\stm32f10x_rcc.o
 .text.RCC_HSICmd
                0x00000000       0x20 ..\obj\stm32f10x_rcc.o
 .text.RCC_PLLConfig
                0x00000000       0x48 ..\obj\stm32f10x_rcc.o
 .text.RCC_PLLCmd
                0x00000000       0x20 ..\obj\stm32f10x_rcc.o
 .text.RCC_PREDIV1Config
                0x00000000       0x4c ..\obj\stm32f10x_rcc.o
 .text.RCC_SYSCLKConfig
                0x00000000       0x40 ..\obj\stm32f10x_rcc.o
 .text.RCC_GetSYSCLKSource
                0x00000000       0x20 ..\obj\stm32f10x_rcc.o
 .text.RCC_HCLKConfig
                0x00000000       0x40 ..\obj\stm32f10x_rcc.o
 .text.RCC_PCLK1Config
                0x00000000       0x40 ..\obj\stm32f10x_rcc.o
 .text.RCC_PCLK2Config
                0x00000000       0x44 ..\obj\stm32f10x_rcc.o
 .text.RCC_ITConfig
                0x00000000       0x60 ..\obj\stm32f10x_rcc.o
 .text.RCC_USBCLKConfig
                0x00000000       0x20 ..\obj\stm32f10x_rcc.o
 .text.RCC_ADCCLKConfig
                0x00000000       0x40 ..\obj\stm32f10x_rcc.o
 .text.RCC_LSEConfig
                0x00000000       0x60 ..\obj\stm32f10x_rcc.o
 .text.RCC_LSICmd
                0x00000000       0x20 ..\obj\stm32f10x_rcc.o
 .text.RCC_RTCCLKConfig
                0x00000000       0x2c ..\obj\stm32f10x_rcc.o
 .text.RCC_RTCCLKCmd
                0x00000000       0x20 ..\obj\stm32f10x_rcc.o
 .text.RCC_GetClocksFreq
                0x00000000      0x1cc ..\obj\stm32f10x_rcc.o
 .text.RCC_AHBPeriphClockCmd
                0x00000000       0x58 ..\obj\stm32f10x_rcc.o
 .text.RCC_APB1PeriphClockCmd
                0x00000000       0x58 ..\obj\stm32f10x_rcc.o
 .text.RCC_APB2PeriphResetCmd
                0x00000000       0x58 ..\obj\stm32f10x_rcc.o
 .text.RCC_APB1PeriphResetCmd
                0x00000000       0x58 ..\obj\stm32f10x_rcc.o
 .text.RCC_BackupResetCmd
                0x00000000       0x20 ..\obj\stm32f10x_rcc.o
 .text.RCC_ClockSecuritySystemCmd
                0x00000000       0x20 ..\obj\stm32f10x_rcc.o
 .text.RCC_MCOConfig
                0x00000000       0x20 ..\obj\stm32f10x_rcc.o
 .text.RCC_GetFlagStatus
                0x00000000       0x90 ..\obj\stm32f10x_rcc.o
 .text.RCC_ClearFlag
                0x00000000       0x24 ..\obj\stm32f10x_rcc.o
 .text.RCC_GetITStatus
                0x00000000       0x40 ..\obj\stm32f10x_rcc.o
 .text.RCC_ClearITPendingBit
                0x00000000       0x20 ..\obj\stm32f10x_rcc.o
 .text          0x00000000        0x0 ..\obj\misc.o
 .data          0x00000000        0x0 ..\obj\misc.o
 .bss           0x00000000        0x0 ..\obj\misc.o
 .text.NVIC_PriorityGroupConfig
                0x00000000       0x28 ..\obj\misc.o
 .text.NVIC_Init
                0x00000000       0xe8 ..\obj\misc.o
 .text.NVIC_SetVectorTable
                0x00000000       0x2c ..\obj\misc.o
 .text.NVIC_SystemLPConfig
                0x00000000       0x58 ..\obj\misc.o
 .text.SysTick_CLKSourceConfig
                0x00000000       0x4c ..\obj\misc.o

Memory Configuration

Name             Origin             Length             Attributes
rom              0x08000000         0x00020000         xr
ram              0x20000000         0x00002000         xrw
*default*        0x00000000         0xffffffff

Linker script and memory map

                0x20002000                _eram = 0x20002000

.text           0x08000000      0xe84
 *(.isr_vector .isr_vector.*)
 .isr_vector    0x08000000      0x124 ..\obj\startup_stm32f10x_md_vl.o
                0x08000000                g_pfnVectors
 *(.text .text.* .gnu.linkonce.t.*)
 .text.Default_Reset_Handler
                0x08000124       0x6c ..\obj\startup_stm32f10x_md_vl.o
                0x08000124                Default_Reset_Handler
                0x08000124                Reset_Handler
 .text.Default_Handler
                0x08000190        0x8 ..\obj\startup_stm32f10x_md_vl.o
                0x08000190                EXTI2_IRQHandler
                0x08000190                DebugMon_Handler
                0x08000190                TIM1_CC_IRQHandler
                0x08000190                HardFault_Handler
                0x08000190                SysTick_Handler
                0x08000190                PVD_IRQHandler
                0x08000190                PendSV_Handler
                0x08000190                NMI_Handler
                0x08000190                EXTI3_IRQHandler
                0x08000190                EXTI0_IRQHandler
                0x08000190                I2C2_EV_IRQHandler
                0x08000190                TIM1_UP_TIM16_IRQHandler
                0x08000190                UsageFault_Handler
                0x08000190                SPI1_IRQHandler
                0x08000190                TAMPER_IRQHandler
                0x08000190                TIM6_DAC_IRQHandler
                0x08000190                DMA1_Channel4_IRQHandler
                0x08000190                ADC1_IRQHandler
                0x08000190                USART3_IRQHandler
                0x08000190                RTC_IRQHandler
                0x08000190                DMA1_Channel7_IRQHandler
                0x08000190                TIM4_IRQHandler
                0x08000190                I2C1_EV_IRQHandler
                0x08000190                DMA1_Channel6_IRQHandler
                0x08000190                TIM3_IRQHandler
                0x08000190                RCC_IRQHandler
                0x08000190                DMA1_Channel1_IRQHandler
                0x08000190                CEC_IRQHandler
                0x08000190                EXTI15_10_IRQHandler
                0x08000190                TIM7_IRQHandler
                0x08000190                EXTI9_5_IRQHandler
                0x08000190                SPI2_IRQHandler
                0x08000190                MemManage_Handler
                0x08000190                SVC_Handler
                0x08000190                DMA1_Channel5_IRQHandler
                0x08000190                EXTI4_IRQHandler
                0x08000190                TIM1_TRG_COM_TIM17_IRQHandler
                0x08000190                DMA1_Channel3_IRQHandler
                0x08000190                WWDG_IRQHandler
                0x08000190                TIM2_IRQHandler
                0x08000190                EXTI1_IRQHandler
                0x08000190                RTCAlarm_IRQHandler
                0x08000190                USART2_IRQHandler
                0x08000190                I2C2_ER_IRQHandler
                0x08000190                DMA1_Channel2_IRQHandler
                0x08000190                FLASH_IRQHandler
                0x08000190                BusFault_Handler
                0x08000190                USART1_IRQHandler
                0x08000190                I2C1_ER_IRQHandler
                0x08000190                TIM1_BRK_TIM15_IRQHandler
 .text.SystemInit
                0x08000198       0xb8 ..\obj\system_stm32f10x.o
                0x08000198                SystemInit
 .text.SetSysClock
                0x08000250        0xc ..\obj\system_stm32f10x.o
 .text.SetSysClockTo24
                0x0800025c      0x15c ..\obj\system_stm32f10x.o
 .text.RussianFont
                0x080003b8      0x39c ..\obj\hd44780_driver.o
                0x080003b8                RussianFont
 .text.lcd_delay
                0x08000754       0x28 ..\obj\hd44780_driver.o
                0x08000754                lcd_delay
 .text.lcd_init
                0x0800077c       0x94 ..\obj\hd44780_driver.o
                0x0800077c                lcd_init
 .text.lcd_out  0x08000810       0x30 ..\obj\hd44780_driver.o
                0x08000810                lcd_out
 .text.lcd_clear
                0x08000840       0x14 ..\obj\hd44780_driver.o
                0x08000840                lcd_clear
 .text.lcd_set_state
                0x08000854       0x78 ..\obj\hd44780_driver.o
                0x08000854                lcd_set_state
 .text.lcd_set_4bit_mode
                0x080008cc       0xd4 ..\obj\hd44780_driver.o
                0x080008cc                lcd_set_4bit_mode
 .text.lcd_send
                0x080009a0      0x160 ..\obj\hd44780_driver.o
                0x080009a0                lcd_send
 .text.GPIO_Init
                0x08000b00      0x1b0 ..\obj\stm32f10x_gpio.o
                0x08000b00                GPIO_Init
 .text.main     0x08000cb0       0x48 ..\obj\main.o
                0x08000cb0                main
 .text.GPIO_Set
                0x08000cf8       0x70 ..\obj\main.o
                0x08000cf8                GPIO_Set
 .text.itoa     0x08000d68       0xc4 ..\obj\main.o
                0x08000d68                itoa
 .text.RCC_APB2PeriphClockCmd
                0x08000e2c       0x58 ..\obj\stm32f10x_rcc.o
                0x08000e2c                RCC_APB2PeriphClockCmd
 *(.glue_7t)
 .glue_7t       0x00000000        0x0 linker stubs
 *(.glue_7)
 .glue_7        0x00000000        0x0 linker stubs
 *(.rodata .rodata* .gnu.linkonce.r.*)

.vfp11_veneer   0x08000e84        0x0
 .vfp11_veneer  0x00000000        0x0 linker stubs

.v4_bx          0x08000e84        0x0
 .v4_bx         0x00000000        0x0 linker stubs

.ARM.extab
 *(.ARM.extab* .gnu.linkonce.armextab.*)

.ARM.exidx
 *(.ARM.exidx* .gnu.linkonce.armexidx.*)
                0x08000e84                . = ALIGN (0x4)
                0x08000e84                _etext = .
                0x08000e84                _sidata = .

.data           0x20000000        0x0 load address 0x08000e84
                0x20000000                _sdata = .
 *(.data .data.*)
                0x20000000                . = ALIGN (0x4)
                0x20000000                _edata = .

.bss            0x20000000        0x8
                0x20000000                _sbss = .
 *(.bss .bss.*)
 *(COMMON)
 COMMON         0x20000000        0x5 ..\obj\main.o
                0x20000000                qbuf
                0x20000008                . = ALIGN (0x4)
 *fill*         0x20000005        0x3 00
                0x20000008                _ebss = .

.co_stack       0x20000008      0x400
                0x20000008                . = ALIGN (0x8)
 *(.co_stack .co_stack.*)
 .co_stack      0x20000008      0x400 ..\obj\startup_stm32f10x_md_vl.o
                0x20000008                pulStack
                0x20000408                . = ALIGN (0x4)
                0x20000408                _end = .
LOAD ..\obj\startup_stm32f10x_md_vl.o
LOAD ..\obj\core_cm3.o
LOAD ..\obj\system_stm32f10x.o
LOAD ..\obj\hd44780_driver.o
LOAD ..\obj\stm32f10x_gpio.o
LOAD ..\obj\main.o
LOAD ..\obj\stm32f10x_rcc.o
LOAD ..\obj\misc.o
START GROUP
LOAD d:/arm/arm-none-eabi-gcc-4_6/bin/../lib/gcc/arm-none-eabi/4.6.2/armv7-m\libgcc.a
LOAD d:/arm/arm-none-eabi-gcc-4_6/bin/../lib/gcc/arm-none-eabi/4.6.2/../../../../arm-none-eabi/lib/armv7-m\libg.a
LOAD d:/arm/arm-none-eabi-gcc-4_6/bin/../lib/gcc/arm-none-eabi/4.6.2/../../../../arm-none-eabi/lib/armv7-m\libc.a
END GROUP
OUTPUT(lcd_libnotmy.elf elf32-littlearm)

.debug_info     0x00000000     0x289b
 .debug_info    0x00000000      0x131 ..\obj\startup_stm32f10x_md_vl.o
 .debug_info    0x00000131      0x548 ..\obj\core_cm3.o
 .debug_info    0x00000679      0x433 ..\obj\system_stm32f10x.o
 .debug_info    0x00000aac      0x369 ..\obj\hd44780_driver.o
 .debug_info    0x00000e15      0x723 ..\obj\stm32f10x_gpio.o
 .debug_info    0x00001538      0x4a7 ..\obj\main.o
 .debug_info    0x000019df      0x976 ..\obj\stm32f10x_rcc.o
 .debug_info    0x00002355      0x546 ..\obj\misc.o

.debug_abbrev   0x00000000      0xa7f
 .debug_abbrev  0x00000000       0xa3 ..\obj\startup_stm32f10x_md_vl.o
 .debug_abbrev  0x000000a3       0xd5 ..\obj\core_cm3.o
 .debug_abbrev  0x00000178      0x17e ..\obj\system_stm32f10x.o
 .debug_abbrev  0x000002f6      0x184 ..\obj\hd44780_driver.o
 .debug_abbrev  0x0000047a      0x1a4 ..\obj\stm32f10x_gpio.o
 .debug_abbrev  0x0000061e      0x19b ..\obj\main.o
 .debug_abbrev  0x000007b9      0x191 ..\obj\stm32f10x_rcc.o
 .debug_abbrev  0x0000094a      0x135 ..\obj\misc.o

.debug_loc      0x00000000     0x14a8
 .debug_loc     0x00000000       0x64 ..\obj\startup_stm32f10x_md_vl.o
 .debug_loc     0x00000064      0x3f0 ..\obj\core_cm3.o
 .debug_loc     0x00000454       0xc8 ..\obj\system_stm32f10x.o
 .debug_loc     0x0000051c      0x20c ..\obj\hd44780_driver.o
 .debug_loc     0x00000728      0x3e4 ..\obj\stm32f10x_gpio.o
 .debug_loc     0x00000b0c      0x170 ..\obj\main.o
 .debug_loc     0x00000c7c      0x714 ..\obj\stm32f10x_rcc.o
 .debug_loc     0x00001390      0x118 ..\obj\misc.o

.debug_aranges  0x00000000      0x3e8
 .debug_aranges
                0x00000000       0x28 ..\obj\startup_stm32f10x_md_vl.o
 .debug_aranges
                0x00000028       0xc8 ..\obj\core_cm3.o
 .debug_aranges
                0x000000f0       0x38 ..\obj\system_stm32f10x.o
 .debug_aranges
                0x00000128       0x68 ..\obj\hd44780_driver.o
 .debug_aranges
                0x00000190       0xa8 ..\obj\stm32f10x_gpio.o
 .debug_aranges
                0x00000238       0x50 ..\obj\main.o
 .debug_aranges
                0x00000288      0x120 ..\obj\stm32f10x_rcc.o
 .debug_aranges
                0x000003a8       0x40 ..\obj\misc.o

.debug_ranges   0x00000000      0x368
 .debug_ranges  0x00000000       0x18 ..\obj\startup_stm32f10x_md_vl.o
 .debug_ranges  0x00000018       0xb8 ..\obj\core_cm3.o
 .debug_ranges  0x000000d0       0x28 ..\obj\system_stm32f10x.o
 .debug_ranges  0x000000f8       0x58 ..\obj\hd44780_driver.o
 .debug_ranges  0x00000150       0x98 ..\obj\stm32f10x_gpio.o
 .debug_ranges  0x000001e8       0x40 ..\obj\main.o
 .debug_ranges  0x00000228      0x110 ..\obj\stm32f10x_rcc.o
 .debug_ranges  0x00000338       0x30 ..\obj\misc.o

.debug_line     0x00000000     0x14a5
 .debug_line    0x00000000       0xa4 ..\obj\startup_stm32f10x_md_vl.o
 .debug_line    0x000000a4      0x273 ..\obj\core_cm3.o
 .debug_line    0x00000317      0x1fd ..\obj\system_stm32f10x.o
 .debug_line    0x00000514      0x331 ..\obj\hd44780_driver.o
 .debug_line    0x00000845      0x34c ..\obj\stm32f10x_gpio.o
 .debug_line    0x00000b91      0x2c9 ..\obj\main.o
 .debug_line    0x00000e5a      0x46a ..\obj\stm32f10x_rcc.o
 .debug_line    0x000012c4      0x1e1 ..\obj\misc.o

.debug_str      0x00000000     0x1050
 .debug_str     0x00000000       0xfb ..\obj\startup_stm32f10x_md_vl.o
                                0x11a (size before relaxing)
 .debug_str     0x000000fb      0x1d8 ..\obj\core_cm3.o
                                0x265 (size before relaxing)
 .debug_str     0x000002d3      0x172 ..\obj\system_stm32f10x.o
                                0x26d (size before relaxing)
 .debug_str     0x00000445      0x185 ..\obj\hd44780_driver.o
                                0x281 (size before relaxing)
 .debug_str     0x000005ca      0x38e ..\obj\stm32f10x_gpio.o
                                0x4b2 (size before relaxing)
 .debug_str     0x00000958       0xeb ..\obj\main.o
                                0x360 (size before relaxing)
 .debug_str     0x00000a43      0x41c ..\obj\stm32f10x_rcc.o
                                0x606 (size before relaxing)
 .debug_str     0x00000e5f      0x1f1 ..\obj\misc.o
                                0x35c (size before relaxing)

.comment        0x00000000       0x70
 .comment       0x00000000       0x70 ..\obj\startup_stm32f10x_md_vl.o
                                 0x71 (size before relaxing)
 .comment       0x00000000       0x71 ..\obj\core_cm3.o
 .comment       0x00000000       0x71 ..\obj\system_stm32f10x.o
 .comment       0x00000000       0x71 ..\obj\hd44780_driver.o
 .comment       0x00000000       0x71 ..\obj\stm32f10x_gpio.o
 .comment       0x00000000       0x71 ..\obj\main.o
 .comment       0x00000000       0x71 ..\obj\stm32f10x_rcc.o
 .comment       0x00000000       0x71 ..\obj\misc.o

.ARM.attributes
                0x00000000       0x33
 .ARM.attributes
                0x00000000       0x33 ..\obj\startup_stm32f10x_md_vl.o
 .ARM.attributes
                0x00000033       0x33 ..\obj\core_cm3.o
 .ARM.attributes
                0x00000066       0x33 ..\obj\system_stm32f10x.o
 .ARM.attributes
                0x00000099       0x33 ..\obj\hd44780_driver.o
 .ARM.attributes
                0x000000cc       0x33 ..\obj\stm32f10x_gpio.o
 .ARM.attributes
                0x000000ff       0x33 ..\obj\main.o
 .ARM.attributes
                0x00000132       0x33 ..\obj\stm32f10x_rcc.o
 .ARM.attributes
                0x00000165       0x33 ..\obj\misc.o

.debug_frame    0x00000000      0xbb8
 .debug_frame   0x00000000       0x48 ..\obj\startup_stm32f10x_md_vl.o
 .debug_frame   0x00000048      0x280 ..\obj\core_cm3.o
 .debug_frame   0x000002c8       0x80 ..\obj\system_stm32f10x.o
 .debug_frame   0x00000348      0x13c ..\obj\hd44780_driver.o
 .debug_frame   0x00000484      0x210 ..\obj\stm32f10x_gpio.o
 .debug_frame   0x00000694       0xe4 ..\obj\main.o
 .debug_frame   0x00000778      0x3a4 ..\obj\stm32f10x_rcc.o
 .debug_frame   0x00000b1c       0x9c ..\obj\misc.o
