
Allocating common symbols
Common symbol       size              file

TIM_TimeBaseStructure
                    0xa               ..\obj\main.o
adc_current         0x4               ..\obj\main.o
qbuf                0x5               ..\obj\main.o

Discarded input sections

 .text          0x00000000        0x0 ..\obj\stm32f10x_tim.o
 .data          0x00000000        0x0 ..\obj\stm32f10x_tim.o
 .bss           0x00000000        0x0 ..\obj\stm32f10x_tim.o
 .text.TIM_DeInit
                0x00000000      0x2b0 ..\obj\stm32f10x_tim.o
 .text.TIM_OC1Init
                0x00000000      0x128 ..\obj\stm32f10x_tim.o
 .text.TIM_OC2Init
                0x00000000      0x128 ..\obj\stm32f10x_tim.o
 .text.TIM_OC3Init
                0x00000000      0x120 ..\obj\stm32f10x_tim.o
 .text.TIM_OC4Init
                0x00000000       0xe0 ..\obj\stm32f10x_tim.o
 .text.TIM_ICInit
                0x00000000       0xa8 ..\obj\stm32f10x_tim.o
 .text.TIM_PWMIConfig
                0x00000000       0xc4 ..\obj\stm32f10x_tim.o
 .text.TIM_BDTRConfig
                0x00000000       0x50 ..\obj\stm32f10x_tim.o
 .text.TIM_TimeBaseStructInit
                0x00000000       0x3c ..\obj\stm32f10x_tim.o
 .text.TIM_OCStructInit
                0x00000000       0x54 ..\obj\stm32f10x_tim.o
 .text.TIM_ICStructInit
                0x00000000       0x3c ..\obj\stm32f10x_tim.o
 .text.TIM_BDTRStructInit
                0x00000000       0x4c ..\obj\stm32f10x_tim.o
 .text.TIM_CtrlPWMOutputs
                0x00000000       0x50 ..\obj\stm32f10x_tim.o
 .text.TIM_GenerateEvent
                0x00000000       0x1c ..\obj\stm32f10x_tim.o
 .text.TIM_DMAConfig
                0x00000000       0x28 ..\obj\stm32f10x_tim.o
 .text.TIM_DMACmd
                0x00000000       0x48 ..\obj\stm32f10x_tim.o
 .text.TIM_InternalClockConfig
                0x00000000       0x24 ..\obj\stm32f10x_tim.o
 .text.TIM_ITRxExternalClockConfig
                0x00000000       0x30 ..\obj\stm32f10x_tim.o
 .text.TIM_TIxExternalClockConfig
                0x00000000       0x58 ..\obj\stm32f10x_tim.o
 .text.TIM_ETRClockMode1Config
                0x00000000       0x54 ..\obj\stm32f10x_tim.o
 .text.TIM_ETRClockMode2Config
                0x00000000       0x34 ..\obj\stm32f10x_tim.o
 .text.TIM_ETRConfig
                0x00000000       0x4c ..\obj\stm32f10x_tim.o
 .text.TIM_PrescalerConfig
                0x00000000       0x28 ..\obj\stm32f10x_tim.o
 .text.TIM_CounterModeConfig
                0x00000000       0x38 ..\obj\stm32f10x_tim.o
 .text.TIM_SelectInputTrigger
                0x00000000       0x38 ..\obj\stm32f10x_tim.o
 .text.TIM_EncoderInterfaceConfig
                0x00000000       0x94 ..\obj\stm32f10x_tim.o
 .text.TIM_ForcedOC1Config
                0x00000000       0x38 ..\obj\stm32f10x_tim.o
 .text.TIM_ForcedOC2Config
                0x00000000       0x40 ..\obj\stm32f10x_tim.o
 .text.TIM_ForcedOC3Config
                0x00000000       0x38 ..\obj\stm32f10x_tim.o
 .text.TIM_ForcedOC4Config
                0x00000000       0x40 ..\obj\stm32f10x_tim.o
 .text.TIM_SelectCOM
                0x00000000       0x40 ..\obj\stm32f10x_tim.o
 .text.TIM_SelectCCDMA
                0x00000000       0x40 ..\obj\stm32f10x_tim.o
 .text.TIM_CCPreloadControl
                0x00000000       0x40 ..\obj\stm32f10x_tim.o
 .text.TIM_OC1PreloadConfig
                0x00000000       0x38 ..\obj\stm32f10x_tim.o
 .text.TIM_OC2PreloadConfig
                0x00000000       0x40 ..\obj\stm32f10x_tim.o
 .text.TIM_OC3PreloadConfig
                0x00000000       0x38 ..\obj\stm32f10x_tim.o
 .text.TIM_OC4PreloadConfig
                0x00000000       0x40 ..\obj\stm32f10x_tim.o
 .text.TIM_OC1FastConfig
                0x00000000       0x38 ..\obj\stm32f10x_tim.o
 .text.TIM_OC2FastConfig
                0x00000000       0x40 ..\obj\stm32f10x_tim.o
 .text.TIM_OC3FastConfig
                0x00000000       0x38 ..\obj\stm32f10x_tim.o
 .text.TIM_OC4FastConfig
                0x00000000       0x40 ..\obj\stm32f10x_tim.o
 .text.TIM_ClearOC1Ref
                0x00000000       0x38 ..\obj\stm32f10x_tim.o
 .text.TIM_ClearOC2Ref
                0x00000000       0x44 ..\obj\stm32f10x_tim.o
 .text.TIM_ClearOC3Ref
                0x00000000       0x38 ..\obj\stm32f10x_tim.o
 .text.TIM_ClearOC4Ref
                0x00000000       0x44 ..\obj\stm32f10x_tim.o
 .text.TIM_OC1PolarityConfig
                0x00000000       0x38 ..\obj\stm32f10x_tim.o
 .text.TIM_OC1NPolarityConfig
                0x00000000       0x38 ..\obj\stm32f10x_tim.o
 .text.TIM_OC2PolarityConfig
                0x00000000       0x40 ..\obj\stm32f10x_tim.o
 .text.TIM_OC2NPolarityConfig
                0x00000000       0x40 ..\obj\stm32f10x_tim.o
 .text.TIM_OC3PolarityConfig
                0x00000000       0x40 ..\obj\stm32f10x_tim.o
 .text.TIM_OC3NPolarityConfig
                0x00000000       0x40 ..\obj\stm32f10x_tim.o
 .text.TIM_OC4PolarityConfig
                0x00000000       0x40 ..\obj\stm32f10x_tim.o
 .text.TIM_CCxCmd
                0x00000000       0x5c ..\obj\stm32f10x_tim.o
 .text.TIM_CCxNCmd
                0x00000000       0x5c ..\obj\stm32f10x_tim.o
 .text.TIM_SelectOCxM
                0x00000000       0xbc ..\obj\stm32f10x_tim.o
 .text.TIM_UpdateDisableConfig
                0x00000000       0x40 ..\obj\stm32f10x_tim.o
 .text.TIM_UpdateRequestConfig
                0x00000000       0x40 ..\obj\stm32f10x_tim.o
 .text.TIM_SelectHallSensor
                0x00000000       0x40 ..\obj\stm32f10x_tim.o
 .text.TIM_SelectOnePulseMode
                0x00000000       0x38 ..\obj\stm32f10x_tim.o
 .text.TIM_SelectOutputTrigger
                0x00000000       0x38 ..\obj\stm32f10x_tim.o
 .text.TIM_SelectSlaveMode
                0x00000000       0x38 ..\obj\stm32f10x_tim.o
 .text.TIM_SelectMasterSlaveMode
                0x00000000       0x38 ..\obj\stm32f10x_tim.o
 .text.TIM_SetCounter
                0x00000000       0x1c ..\obj\stm32f10x_tim.o
 .text.TIM_SetAutoreload
                0x00000000       0x1c ..\obj\stm32f10x_tim.o
 .text.TIM_SetCompare1
                0x00000000       0x1c ..\obj\stm32f10x_tim.o
 .text.TIM_SetCompare2
                0x00000000       0x1c ..\obj\stm32f10x_tim.o
 .text.TIM_SetCompare3
                0x00000000       0x1c ..\obj\stm32f10x_tim.o
 .text.TIM_SetCompare4
                0x00000000       0x20 ..\obj\stm32f10x_tim.o
 .text.TIM_SetIC1Prescaler
                0x00000000       0x38 ..\obj\stm32f10x_tim.o
 .text.TIM_SetIC2Prescaler
                0x00000000       0x3c ..\obj\stm32f10x_tim.o
 .text.TIM_SetIC3Prescaler
                0x00000000       0x38 ..\obj\stm32f10x_tim.o
 .text.TIM_SetIC4Prescaler
                0x00000000       0x3c ..\obj\stm32f10x_tim.o
 .text.TIM_SetClockDivision
                0x00000000       0x38 ..\obj\stm32f10x_tim.o
 .text.TIM_GetCapture1
                0x00000000       0x1c ..\obj\stm32f10x_tim.o
 .text.TIM_GetCapture2
                0x00000000       0x1c ..\obj\stm32f10x_tim.o
 .text.TIM_GetCapture3
                0x00000000       0x1c ..\obj\stm32f10x_tim.o
 .text.TIM_GetCapture4
                0x00000000       0x1c ..\obj\stm32f10x_tim.o
 .text.TIM_GetCounter
                0x00000000       0x1c ..\obj\stm32f10x_tim.o
 .text.TIM_GetPrescaler
                0x00000000       0x1c ..\obj\stm32f10x_tim.o
 .text.TIM_GetFlagStatus
                0x00000000       0x40 ..\obj\stm32f10x_tim.o
 .text.TIM_ClearFlag
                0x00000000       0x24 ..\obj\stm32f10x_tim.o
 .text.TIM_GetITStatus
                0x00000000       0x60 ..\obj\stm32f10x_tim.o
 .text.TI1_Config
                0x00000000       0xe4 ..\obj\stm32f10x_tim.o
 .text.TI2_Config
                0x00000000      0x104 ..\obj\stm32f10x_tim.o
 .text.TI3_Config
                0x00000000       0xf4 ..\obj\stm32f10x_tim.o
 .text.TI4_Config
                0x00000000      0x10c ..\obj\stm32f10x_tim.o
 .text          0x00000000        0x0 ..\obj\startup_stm32f10x_md_vl.o
 .data          0x00000000        0x0 ..\obj\startup_stm32f10x_md_vl.o
 .bss           0x00000000        0x0 ..\obj\startup_stm32f10x_md_vl.o
 .text          0x00000000        0x0 ..\obj\core_cm3.o
 .data          0x00000000        0x0 ..\obj\core_cm3.o
 .bss           0x00000000        0x0 ..\obj\core_cm3.o
 .text.__get_PSP
                0x00000000       0x10 ..\obj\core_cm3.o
 .text.__set_PSP
                0x00000000        0x8 ..\obj\core_cm3.o
 .text.__get_MSP
                0x00000000       0x10 ..\obj\core_cm3.o
 .text.__set_MSP
                0x00000000        0x8 ..\obj\core_cm3.o
 .text.__get_BASEPRI
                0x00000000       0x20 ..\obj\core_cm3.o
 .text.__set_BASEPRI
                0x00000000       0x18 ..\obj\core_cm3.o
 .text.__get_PRIMASK
                0x00000000       0x20 ..\obj\core_cm3.o
 .text.__set_PRIMASK
                0x00000000       0x18 ..\obj\core_cm3.o
 .text.__get_FAULTMASK
                0x00000000       0x20 ..\obj\core_cm3.o
 .text.__set_FAULTMASK
                0x00000000       0x18 ..\obj\core_cm3.o
 .text.__get_CONTROL
                0x00000000       0x20 ..\obj\core_cm3.o
 .text.__set_CONTROL
                0x00000000       0x18 ..\obj\core_cm3.o
 .text.__REV    0x00000000       0x24 ..\obj\core_cm3.o
 .text.__REV16  0x00000000       0x24 ..\obj\core_cm3.o
 .text.__REVSH  0x00000000       0x24 ..\obj\core_cm3.o
 .text.__RBIT   0x00000000       0x24 ..\obj\core_cm3.o
 .text.__LDREXB
                0x00000000       0x24 ..\obj\core_cm3.o
 .text.__LDREXH
                0x00000000       0x24 ..\obj\core_cm3.o
 .text.__LDREXW
                0x00000000       0x24 ..\obj\core_cm3.o
 .text.__STREXB
                0x00000000       0x2c ..\obj\core_cm3.o
 .text.__STREXH
                0x00000000       0x2c ..\obj\core_cm3.o
 .text.__STREXW
                0x00000000       0x28 ..\obj\core_cm3.o
 .text          0x00000000        0x0 ..\obj\system_stm32f10x.o
 .data          0x00000000       0x14 ..\obj\system_stm32f10x.o
 .bss           0x00000000        0x0 ..\obj\system_stm32f10x.o
 .text.SystemCoreClockUpdate
                0x00000000      0x13c ..\obj\system_stm32f10x.o
 .text          0x00000000        0x0 ..\obj\hd44780_driver.o
 .data          0x00000000        0x0 ..\obj\hd44780_driver.o
 .bss           0x00000000        0x0 ..\obj\hd44780_driver.o
 .text.lcd_set_user_char
                0x00000000       0x64 ..\obj\hd44780_driver.o
 .text          0x00000000        0x0 ..\obj\stm32f10x_gpio.o
 .data          0x00000000        0x0 ..\obj\stm32f10x_gpio.o
 .bss           0x00000000        0x0 ..\obj\stm32f10x_gpio.o
 .text.GPIO_DeInit
                0x00000000      0x128 ..\obj\stm32f10x_gpio.o
 .text.GPIO_AFIODeInit
                0x00000000       0x20 ..\obj\stm32f10x_gpio.o
 .text.GPIO_StructInit
                0x00000000       0x2c ..\obj\stm32f10x_gpio.o
 .text.GPIO_ReadInputData
                0x00000000       0x1c ..\obj\stm32f10x_gpio.o
 .text.GPIO_ReadOutputDataBit
                0x00000000       0x3c ..\obj\stm32f10x_gpio.o
 .text.GPIO_ReadOutputData
                0x00000000       0x1c ..\obj\stm32f10x_gpio.o
 .text.GPIO_WriteBit
                0x00000000       0x30 ..\obj\stm32f10x_gpio.o
 .text.GPIO_Write
                0x00000000       0x1c ..\obj\stm32f10x_gpio.o
 .text.GPIO_PinLockConfig
                0x00000000       0x44 ..\obj\stm32f10x_gpio.o
 .text.GPIO_EventOutputConfig
                0x00000000       0x54 ..\obj\stm32f10x_gpio.o
 .text.GPIO_EventOutputCmd
                0x00000000       0x20 ..\obj\stm32f10x_gpio.o
 .text.GPIO_PinRemapConfig
                0x00000000      0x120 ..\obj\stm32f10x_gpio.o
 .text.GPIO_ETH_MediaInterfaceConfig
                0x00000000       0x20 ..\obj\stm32f10x_gpio.o
 .text          0x00000000        0x0 ..\obj\main.o
 .text          0x00000000        0x0 ..\obj\stm32f10x_rcc.o
 .data          0x00000000       0x14 ..\obj\stm32f10x_rcc.o
 .bss           0x00000000        0x0 ..\obj\stm32f10x_rcc.o
 .text.RCC_DeInit
                0x00000000       0xac ..\obj\stm32f10x_rcc.o
 .text.RCC_HSEConfig
                0x00000000       0x88 ..\obj\stm32f10x_rcc.o
 .text.RCC_WaitForHSEStartUp
                0x00000000       0x64 ..\obj\stm32f10x_rcc.o
 .text.RCC_AdjustHSICalibrationValue
                0x00000000       0x48 ..\obj\stm32f10x_rcc.o
 .text.RCC_HSICmd
                0x00000000       0x20 ..\obj\stm32f10x_rcc.o
 .text.RCC_PLLConfig
                0x00000000       0x48 ..\obj\stm32f10x_rcc.o
 .text.RCC_PLLCmd
                0x00000000       0x20 ..\obj\stm32f10x_rcc.o
 .text.RCC_PREDIV1Config
                0x00000000       0x4c ..\obj\stm32f10x_rcc.o
 .text.RCC_SYSCLKConfig
                0x00000000       0x40 ..\obj\stm32f10x_rcc.o
 .text.RCC_GetSYSCLKSource
                0x00000000       0x20 ..\obj\stm32f10x_rcc.o
 .text.RCC_HCLKConfig
                0x00000000       0x40 ..\obj\stm32f10x_rcc.o
 .text.RCC_PCLK1Config
                0x00000000       0x40 ..\obj\stm32f10x_rcc.o
 .text.RCC_PCLK2Config
                0x00000000       0x44 ..\obj\stm32f10x_rcc.o
 .text.RCC_ITConfig
                0x00000000       0x60 ..\obj\stm32f10x_rcc.o
 .text.RCC_USBCLKConfig
                0x00000000       0x20 ..\obj\stm32f10x_rcc.o
 .text.RCC_LSEConfig
                0x00000000       0x60 ..\obj\stm32f10x_rcc.o
 .text.RCC_LSICmd
                0x00000000       0x20 ..\obj\stm32f10x_rcc.o
 .text.RCC_RTCCLKConfig
                0x00000000       0x2c ..\obj\stm32f10x_rcc.o
 .text.RCC_RTCCLKCmd
                0x00000000       0x20 ..\obj\stm32f10x_rcc.o
 .text.RCC_GetClocksFreq
                0x00000000      0x1cc ..\obj\stm32f10x_rcc.o
 .text.RCC_AHBPeriphClockCmd
                0x00000000       0x58 ..\obj\stm32f10x_rcc.o
 .text.RCC_APB2PeriphResetCmd
                0x00000000       0x58 ..\obj\stm32f10x_rcc.o
 .text.RCC_APB1PeriphResetCmd
                0x00000000       0x58 ..\obj\stm32f10x_rcc.o
 .text.RCC_BackupResetCmd
                0x00000000       0x20 ..\obj\stm32f10x_rcc.o
 .text.RCC_ClockSecuritySystemCmd
                0x00000000       0x20 ..\obj\stm32f10x_rcc.o
 .text.RCC_MCOConfig
                0x00000000       0x20 ..\obj\stm32f10x_rcc.o
 .text.RCC_GetFlagStatus
                0x00000000       0x90 ..\obj\stm32f10x_rcc.o
 .text.RCC_ClearFlag
                0x00000000       0x24 ..\obj\stm32f10x_rcc.o
 .text.RCC_GetITStatus
                0x00000000       0x40 ..\obj\stm32f10x_rcc.o
 .text.RCC_ClearITPendingBit
                0x00000000       0x20 ..\obj\stm32f10x_rcc.o
 .text          0x00000000        0x0 ..\obj\stm32f10x_exti.o
 .data          0x00000000        0x0 ..\obj\stm32f10x_exti.o
 .bss           0x00000000        0x0 ..\obj\stm32f10x_exti.o
 .text.EXTI_StructInit
                0x00000000       0x34 ..\obj\stm32f10x_exti.o
 .text.EXTI_GenerateSWInterrupt
                0x00000000       0x2c ..\obj\stm32f10x_exti.o
 .text.EXTI_GetFlagStatus
                0x00000000       0x40 ..\obj\stm32f10x_exti.o
 .text.EXTI_ClearFlag
                0x00000000       0x20 ..\obj\stm32f10x_exti.o
 .text.EXTI_GetITStatus
                0x00000000       0x5c ..\obj\stm32f10x_exti.o
 .text          0x00000000        0x0 ..\obj\stm32f10x_adc.o
 .data          0x00000000        0x0 ..\obj\stm32f10x_adc.o
 .bss           0x00000000        0x0 ..\obj\stm32f10x_adc.o
 .text.ADC_DeInit
                0x00000000       0x88 ..\obj\stm32f10x_adc.o
 .text.ADC_StructInit
                0x00000000       0x44 ..\obj\stm32f10x_adc.o
 .text.ADC_DMACmd
                0x00000000       0x38 ..\obj\stm32f10x_adc.o
 .text.ADC_ITConfig
                0x00000000       0x4c ..\obj\stm32f10x_adc.o
 .text.ADC_SoftwareStartConvCmd
                0x00000000       0x38 ..\obj\stm32f10x_adc.o
 .text.ADC_GetSoftwareStartConvStatus
                0x00000000       0x38 ..\obj\stm32f10x_adc.o
 .text.ADC_DiscModeChannelCountConfig
                0x00000000       0x4c ..\obj\stm32f10x_adc.o
 .text.ADC_DiscModeCmd
                0x00000000       0x38 ..\obj\stm32f10x_adc.o
 .text.ADC_ExternalTrigConvCmd
                0x00000000       0x38 ..\obj\stm32f10x_adc.o
 .text.ADC_GetConversionValue
                0x00000000       0x1c ..\obj\stm32f10x_adc.o
 .text.ADC_GetDualModeConversionValue
                0x00000000       0x18 ..\obj\stm32f10x_adc.o
 .text.ADC_AutoInjectedConvCmd
                0x00000000       0x38 ..\obj\stm32f10x_adc.o
 .text.ADC_InjectedDiscModeCmd
                0x00000000       0x38 ..\obj\stm32f10x_adc.o
 .text.ADC_ExternalTrigInjectedConvConfig
                0x00000000       0x38 ..\obj\stm32f10x_adc.o
 .text.ADC_ExternalTrigInjectedConvCmd
                0x00000000       0x38 ..\obj\stm32f10x_adc.o
 .text.ADC_SoftwareStartInjectedConvCmd
                0x00000000       0x38 ..\obj\stm32f10x_adc.o
 .text.ADC_GetSoftwareStartInjectedConvCmdStatus
                0x00000000       0x38 ..\obj\stm32f10x_adc.o
 .text.ADC_InjectedChannelConfig
                0x00000000      0x144 ..\obj\stm32f10x_adc.o
 .text.ADC_InjectedSequencerLengthConfig
                0x00000000       0x4c ..\obj\stm32f10x_adc.o
 .text.ADC_SetInjectedOffset
                0x00000000       0x34 ..\obj\stm32f10x_adc.o
 .text.ADC_GetInjectedConversionValue
                0x00000000       0x34 ..\obj\stm32f10x_adc.o
 .text.ADC_AnalogWatchdogCmd
                0x00000000       0x3c ..\obj\stm32f10x_adc.o
 .text.ADC_AnalogWatchdogThresholdsConfig
                0x00000000       0x28 ..\obj\stm32f10x_adc.o
 .text.ADC_AnalogWatchdogSingleChannelConfig
                0x00000000       0x38 ..\obj\stm32f10x_adc.o
 .text.ADC_TempSensorVrefintCmd
                0x00000000       0x4c ..\obj\stm32f10x_adc.o
 .text.ADC_GetFlagStatus
                0x00000000       0x3c ..\obj\stm32f10x_adc.o
 .text.ADC_ClearFlag
                0x00000000       0x20 ..\obj\stm32f10x_adc.o
 .text.ADC_GetITStatus
                0x00000000       0x68 ..\obj\stm32f10x_adc.o
 .text.ADC_ClearITPendingBit
                0x00000000       0x30 ..\obj\stm32f10x_adc.o
 .text          0x00000000        0x0 ..\obj\misc.o
 .data          0x00000000        0x0 ..\obj\misc.o
 .bss           0x00000000        0x0 ..\obj\misc.o
 .text.NVIC_SetVectorTable
                0x00000000       0x2c ..\obj\misc.o
 .text.NVIC_SystemLPConfig
                0x00000000       0x58 ..\obj\misc.o
 .text.SysTick_CLKSourceConfig
                0x00000000       0x4c ..\obj\misc.o

Memory Configuration

Name             Origin             Length             Attributes
rom              0x08000000         0x00020000         xr
ram              0x20000000         0x00002000         xrw
*default*        0x00000000         0xffffffff

Linker script and memory map

                0x20002000                _eram = 0x20002000

.text           0x08000000     0x2244
 *(.isr_vector .isr_vector.*)
 .isr_vector    0x08000000      0x124 ..\obj\startup_stm32f10x_md_vl.o
                0x08000000                g_pfnVectors
 *(.text .text.* .gnu.linkonce.t.*)
 .text.TIM_TimeBaseInit
                0x08000124      0x11c ..\obj\stm32f10x_tim.o
                0x08000124                TIM_TimeBaseInit
 .text.TIM_Cmd  0x08000240       0x40 ..\obj\stm32f10x_tim.o
                0x08000240                TIM_Cmd
 .text.TIM_ITConfig
                0x08000280       0x48 ..\obj\stm32f10x_tim.o
                0x08000280                TIM_ITConfig
 .text.TIM_ARRPreloadConfig
                0x080002c8       0x40 ..\obj\stm32f10x_tim.o
                0x080002c8                TIM_ARRPreloadConfig
 .text.TIM_ClearITPendingBit
                0x08000308       0x24 ..\obj\stm32f10x_tim.o
                0x08000308                TIM_ClearITPendingBit
 .text.Default_Reset_Handler
                0x0800032c       0x6c ..\obj\startup_stm32f10x_md_vl.o
                0x0800032c                Default_Reset_Handler
                0x0800032c                Reset_Handler
 .text.Default_Handler
                0x08000398        0x8 ..\obj\startup_stm32f10x_md_vl.o
                0x08000398                EXTI2_IRQHandler
                0x08000398                DebugMon_Handler
                0x08000398                TIM1_CC_IRQHandler
                0x08000398                HardFault_Handler
                0x08000398                SysTick_Handler
                0x08000398                PVD_IRQHandler
                0x08000398                PendSV_Handler
                0x08000398                NMI_Handler
                0x08000398                EXTI3_IRQHandler
                0x08000398                EXTI0_IRQHandler
                0x08000398                I2C2_EV_IRQHandler
                0x08000398                TIM1_UP_TIM16_IRQHandler
                0x08000398                UsageFault_Handler
                0x08000398                SPI1_IRQHandler
                0x08000398                TAMPER_IRQHandler
                0x08000398                TIM6_DAC_IRQHandler
                0x08000398                DMA1_Channel4_IRQHandler
                0x08000398                ADC1_IRQHandler
                0x08000398                USART3_IRQHandler
                0x08000398                RTC_IRQHandler
                0x08000398                DMA1_Channel7_IRQHandler
                0x08000398                TIM4_IRQHandler
                0x08000398                I2C1_EV_IRQHandler
                0x08000398                DMA1_Channel6_IRQHandler
                0x08000398                TIM3_IRQHandler
                0x08000398                RCC_IRQHandler
                0x08000398                DMA1_Channel1_IRQHandler
                0x08000398                CEC_IRQHandler
                0x08000398                EXTI15_10_IRQHandler
                0x08000398                TIM7_IRQHandler
                0x08000398                EXTI9_5_IRQHandler
                0x08000398                SPI2_IRQHandler
                0x08000398                MemManage_Handler
                0x08000398                SVC_Handler
                0x08000398                DMA1_Channel5_IRQHandler
                0x08000398                TIM1_TRG_COM_TIM17_IRQHandler
                0x08000398                DMA1_Channel3_IRQHandler
                0x08000398                WWDG_IRQHandler
                0x08000398                EXTI1_IRQHandler
                0x08000398                RTCAlarm_IRQHandler
                0x08000398                USART2_IRQHandler
                0x08000398                I2C2_ER_IRQHandler
                0x08000398                DMA1_Channel2_IRQHandler
                0x08000398                FLASH_IRQHandler
                0x08000398                BusFault_Handler
                0x08000398                USART1_IRQHandler
                0x08000398                I2C1_ER_IRQHandler
                0x08000398                TIM1_BRK_TIM15_IRQHandler
 .text.SystemInit
                0x080003a0       0xb8 ..\obj\system_stm32f10x.o
                0x080003a0                SystemInit
 .text.SetSysClock
                0x08000458        0xc ..\obj\system_stm32f10x.o
 .text.SetSysClockTo24
                0x08000464      0x15c ..\obj\system_stm32f10x.o
 .text.RussianFont
                0x080005c0      0x39c ..\obj\hd44780_driver.o
                0x080005c0                RussianFont
 .text.lcd_delay
                0x0800095c       0x28 ..\obj\hd44780_driver.o
                0x0800095c                lcd_delay
 .text.lcd_init
                0x08000984       0x94 ..\obj\hd44780_driver.o
                0x08000984                lcd_init
 .text.lcd_set_xy
                0x08000a18       0x44 ..\obj\hd44780_driver.o
                0x08000a18                lcd_set_xy
 .text.lcd_out  0x08000a5c       0x30 ..\obj\hd44780_driver.o
                0x08000a5c                lcd_out
 .text.lcd_clear
                0x08000a8c       0x14 ..\obj\hd44780_driver.o
                0x08000a8c                lcd_clear
 .text.lcd_set_state
                0x08000aa0       0x78 ..\obj\hd44780_driver.o
                0x08000aa0                lcd_set_state
 .text.lcd_set_4bit_mode
                0x08000b18       0xd4 ..\obj\hd44780_driver.o
                0x08000b18                lcd_set_4bit_mode
 .text.lcd_send
                0x08000bec      0x160 ..\obj\hd44780_driver.o
                0x08000bec                lcd_send
 .text.GPIO_Init
                0x08000d4c      0x1b0 ..\obj\stm32f10x_gpio.o
                0x08000d4c                GPIO_Init
 .text.GPIO_ReadInputDataBit
                0x08000efc       0x3c ..\obj\stm32f10x_gpio.o
                0x08000efc                GPIO_ReadInputDataBit
 .text.GPIO_SetBits
                0x08000f38       0x1c ..\obj\stm32f10x_gpio.o
                0x08000f38                GPIO_SetBits
 .text.GPIO_ResetBits
                0x08000f54       0x1c ..\obj\stm32f10x_gpio.o
                0x08000f54                GPIO_ResetBits
 .text.GPIO_EXTILineConfig
                0x08000f70       0xb4 ..\obj\stm32f10x_gpio.o
                0x08000f70                GPIO_EXTILineConfig
 .text.main     0x08001024       0x88 ..\obj\main.o
                0x08001024                main
 .text.RCC_Configuration
                0x080010ac       0x20 ..\obj\main.o
                0x080010ac                RCC_Configuration
 .text.EXTI_Configuration
                0x080010cc       0x30 ..\obj\main.o
                0x080010cc                EXTI_Configuration
 .text.GPIO_Configuration
                0x080010fc       0x98 ..\obj\main.o
                0x080010fc                GPIO_Configuration
 .text.NVIC_Configuration
                0x08001194       0x5c ..\obj\main.o
                0x08001194                NVIC_Configuration
 .text.TIM_Configuration
                0x080011f0       0x6c ..\obj\main.o
                0x080011f0                TIM_Configuration
 .text.ADC_Configuration
                0x0800125c       0xd0 ..\obj\main.o
                0x0800125c                ADC_Configuration
 .text.SetTimTime
                0x0800132c       0x30 ..\obj\main.o
                0x0800132c                SetTimTime
 .text.EXTI4_IRQHandler
                0x0800135c       0x44 ..\obj\main.o
                0x0800135c                EXTI4_IRQHandler
 .text.TIM2_IRQHandler
                0x080013a0       0x84 ..\obj\main.o
                0x080013a0                TIM2_IRQHandler
 .text.menu     0x08001424      0x210 ..\obj\main.o
                0x08001424                menu
 .text.okey     0x08001634       0x94 ..\obj\main.o
                0x08001634                okey
 .text.check_button
                0x080016c8       0x5c ..\obj\main.o
                0x080016c8                check_button
 .text.delay_ms
                0x08001724       0x2c ..\obj\main.o
                0x08001724                delay_ms
 .text.set_power
                0x08001750      0x148 ..\obj\main.o
                0x08001750                set_power
 .text.set_impulses
                0x08001898      0x14c ..\obj\main.o
                0x08001898                set_impulses
 .text.itoa     0x080019e4       0xc4 ..\obj\main.o
                0x080019e4                itoa
 .text.delay_us
                0x08001aa8       0x28 ..\obj\main.o
                0x08001aa8                delay_us
 .text.RCC_ADCCLKConfig
                0x08001ad0       0x40 ..\obj\stm32f10x_rcc.o
                0x08001ad0                RCC_ADCCLKConfig
 .text.RCC_APB2PeriphClockCmd
                0x08001b10       0x58 ..\obj\stm32f10x_rcc.o
                0x08001b10                RCC_APB2PeriphClockCmd
 .text.RCC_APB1PeriphClockCmd
                0x08001b68       0x58 ..\obj\stm32f10x_rcc.o
                0x08001b68                RCC_APB1PeriphClockCmd
 .text.EXTI_DeInit
                0x08001bc0       0x54 ..\obj\stm32f10x_exti.o
                0x08001bc0                EXTI_DeInit
 .text.EXTI_Init
                0x08001c14      0x144 ..\obj\stm32f10x_exti.o
                0x08001c14                EXTI_Init
 .text.EXTI_ClearITPendingBit
                0x08001d58       0x20 ..\obj\stm32f10x_exti.o
                0x08001d58                EXTI_ClearITPendingBit
 .text.ADC_Init
                0x08001d78       0xb0 ..\obj\stm32f10x_adc.o
                0x08001d78                ADC_Init
 .text.ADC_Cmd  0x08001e28       0x38 ..\obj\stm32f10x_adc.o
                0x08001e28                ADC_Cmd
 .text.ADC_ResetCalibration
                0x08001e60       0x20 ..\obj\stm32f10x_adc.o
                0x08001e60                ADC_ResetCalibration
 .text.ADC_GetResetCalibrationStatus
                0x08001e80       0x38 ..\obj\stm32f10x_adc.o
                0x08001e80                ADC_GetResetCalibrationStatus
 .text.ADC_StartCalibration
                0x08001eb8       0x20 ..\obj\stm32f10x_adc.o
                0x08001eb8                ADC_StartCalibration
 .text.ADC_GetCalibrationStatus
                0x08001ed8       0x38 ..\obj\stm32f10x_adc.o
                0x08001ed8                ADC_GetCalibrationStatus
 .text.ADC_RegularChannelConfig
                0x08001f10      0x1bc ..\obj\stm32f10x_adc.o
                0x08001f10                ADC_RegularChannelConfig
 .text.NVIC_PriorityGroupConfig
                0x080020cc       0x28 ..\obj\misc.o
                0x080020cc                NVIC_PriorityGroupConfig
 .text.NVIC_Init
                0x080020f4       0xe8 ..\obj\misc.o
                0x080020f4                NVIC_Init
 *(.glue_7t)
 .glue_7t       0x00000000        0x0 linker stubs
 *(.glue_7)
 .glue_7        0x00000000        0x0 linker stubs
 *(.rodata .rodata* .gnu.linkonce.r.*)
 .rodata        0x080021dc       0x68 ..\obj\main.o

.vfp11_veneer   0x08002244        0x0
 .vfp11_veneer  0x00000000        0x0 linker stubs

.v4_bx          0x08002244        0x0
 .v4_bx         0x00000000        0x0 linker stubs

.ARM.extab
 *(.ARM.extab* .gnu.linkonce.armextab.*)

.ARM.exidx
 *(.ARM.exidx* .gnu.linkonce.armexidx.*)
                0x08002244                . = ALIGN (0x4)
                0x08002244                _etext = .
                0x08002244                _sidata = .

.data           0x20000000       0x6c load address 0x08002244
                0x20000000                _sdata = .
 *(.data .data.*)
 .data          0x20000000       0x6c ..\obj\main.o
                0x20000000                percents
                0x2000002c                need_update
                0x20000030                menu_string
                0x20000038                menu_size
                0x2000003c                power_table
                0x20000068                in_menu
                0x2000006c                . = ALIGN (0x4)
                0x2000006c                _edata = .

.bss            0x2000006c       0x2c load address 0x080022b0
                0x2000006c                _sbss = .
 *(.bss .bss.*)
 .bss           0x2000006c       0x14 ..\obj\main.o
                0x2000006c                current_menu_position
                0x20000070                flag
                0x20000074                power_percents
                0x20000078                impulses_count
                0x2000007c                curr_times
 *(COMMON)
 COMMON         0x20000080       0x15 ..\obj\main.o
                0x20000080                TIM_TimeBaseStructure
                0x2000008c                adc_current
                0x20000090                qbuf
                0x20000098                . = ALIGN (0x4)
 *fill*         0x20000095        0x3 00
                0x20000098                _ebss = .

.co_stack       0x20000098      0x400 load address 0x080022dc
                0x20000098                . = ALIGN (0x8)
 *(.co_stack .co_stack.*)
 .co_stack      0x20000098      0x400 ..\obj\startup_stm32f10x_md_vl.o
                0x20000098                pulStack
                0x20000498                . = ALIGN (0x4)
                0x20000498                _end = .
LOAD ..\obj\stm32f10x_tim.o
LOAD ..\obj\startup_stm32f10x_md_vl.o
LOAD ..\obj\core_cm3.o
LOAD ..\obj\system_stm32f10x.o
LOAD ..\obj\hd44780_driver.o
LOAD ..\obj\stm32f10x_gpio.o
LOAD ..\obj\main.o
LOAD ..\obj\stm32f10x_rcc.o
LOAD ..\obj\stm32f10x_exti.o
LOAD ..\obj\stm32f10x_adc.o
LOAD ..\obj\misc.o
START GROUP
LOAD d:/arm/arm-none-eabi-gcc-4_6/bin/../lib/gcc/arm-none-eabi/4.6.2/armv7-m\libgcc.a
LOAD d:/arm/arm-none-eabi-gcc-4_6/bin/../lib/gcc/arm-none-eabi/4.6.2/../../../../arm-none-eabi/lib/armv7-m\libg.a
LOAD d:/arm/arm-none-eabi-gcc-4_6/bin/../lib/gcc/arm-none-eabi/4.6.2/../../../../arm-none-eabi/lib/armv7-m\libc.a
END GROUP
OUTPUT(lcd_libnotmy.elf elf32-littlearm)

.debug_info     0x00000000     0x5f04
 .debug_info    0x00000000     0x1e18 ..\obj\stm32f10x_tim.o
 .debug_info    0x00001e18      0x131 ..\obj\startup_stm32f10x_md_vl.o
 .debug_info    0x00001f49      0x548 ..\obj\core_cm3.o
 .debug_info    0x00002491      0x433 ..\obj\system_stm32f10x.o
 .debug_info    0x000028c4      0x369 ..\obj\hd44780_driver.o
 .debug_info    0x00002c2d      0x723 ..\obj\stm32f10x_gpio.o
 .debug_info    0x00003350      0xd89 ..\obj\main.o
 .debug_info    0x000040d9      0x976 ..\obj\stm32f10x_rcc.o
 .debug_info    0x00004a4f      0x361 ..\obj\stm32f10x_exti.o
 .debug_info    0x00004db0      0xc0e ..\obj\stm32f10x_adc.o
 .debug_info    0x000059be      0x546 ..\obj\misc.o

.debug_abbrev   0x00000000      0xf08
 .debug_abbrev  0x00000000      0x172 ..\obj\stm32f10x_tim.o
 .debug_abbrev  0x00000172       0xa3 ..\obj\startup_stm32f10x_md_vl.o
 .debug_abbrev  0x00000215       0xd5 ..\obj\core_cm3.o
 .debug_abbrev  0x000002ea      0x17e ..\obj\system_stm32f10x.o
 .debug_abbrev  0x00000468      0x184 ..\obj\hd44780_driver.o
 .debug_abbrev  0x000005ec      0x1a4 ..\obj\stm32f10x_gpio.o
 .debug_abbrev  0x00000790      0x1f4 ..\obj\main.o
 .debug_abbrev  0x00000984      0x191 ..\obj\stm32f10x_rcc.o
 .debug_abbrev  0x00000b15      0x14a ..\obj\stm32f10x_exti.o
 .debug_abbrev  0x00000c5f      0x174 ..\obj\stm32f10x_adc.o
 .debug_abbrev  0x00000dd3      0x135 ..\obj\misc.o

.debug_loc      0x00000000     0x3444
 .debug_loc     0x00000000     0x13e8 ..\obj\stm32f10x_tim.o
 .debug_loc     0x000013e8       0x64 ..\obj\startup_stm32f10x_md_vl.o
 .debug_loc     0x0000144c      0x3f0 ..\obj\core_cm3.o
 .debug_loc     0x0000183c       0xc8 ..\obj\system_stm32f10x.o
 .debug_loc     0x00001904      0x20c ..\obj\hd44780_driver.o
 .debug_loc     0x00001b10      0x3e4 ..\obj\stm32f10x_gpio.o
 .debug_loc     0x00001ef4      0x39c ..\obj\main.o
 .debug_loc     0x00002290      0x714 ..\obj\stm32f10x_rcc.o
 .debug_loc     0x000029a4      0x1b4 ..\obj\stm32f10x_exti.o
 .debug_loc     0x00002b58      0x7d4 ..\obj\stm32f10x_adc.o
 .debug_loc     0x0000332c      0x118 ..\obj\misc.o

.debug_aranges  0x00000000      0x8c0
 .debug_aranges
                0x00000000      0x2f0 ..\obj\stm32f10x_tim.o
 .debug_aranges
                0x000002f0       0x28 ..\obj\startup_stm32f10x_md_vl.o
 .debug_aranges
                0x00000318       0xc8 ..\obj\core_cm3.o
 .debug_aranges
                0x000003e0       0x38 ..\obj\system_stm32f10x.o
 .debug_aranges
                0x00000418       0x68 ..\obj\hd44780_driver.o
 .debug_aranges
                0x00000480       0xa8 ..\obj\stm32f10x_gpio.o
 .debug_aranges
                0x00000528       0xa8 ..\obj\main.o
 .debug_aranges
                0x000005d0      0x120 ..\obj\stm32f10x_rcc.o
 .debug_aranges
                0x000006f0       0x58 ..\obj\stm32f10x_exti.o
 .debug_aranges
                0x00000748      0x138 ..\obj\stm32f10x_adc.o
 .debug_aranges
                0x00000880       0x40 ..\obj\misc.o

.debug_ranges   0x00000000      0x810
 .debug_ranges  0x00000000      0x2e0 ..\obj\stm32f10x_tim.o
 .debug_ranges  0x000002e0       0x18 ..\obj\startup_stm32f10x_md_vl.o
 .debug_ranges  0x000002f8       0xb8 ..\obj\core_cm3.o
 .debug_ranges  0x000003b0       0x28 ..\obj\system_stm32f10x.o
 .debug_ranges  0x000003d8       0x58 ..\obj\hd44780_driver.o
 .debug_ranges  0x00000430       0x98 ..\obj\stm32f10x_gpio.o
 .debug_ranges  0x000004c8       0x98 ..\obj\main.o
 .debug_ranges  0x00000560      0x110 ..\obj\stm32f10x_rcc.o
 .debug_ranges  0x00000670       0x48 ..\obj\stm32f10x_exti.o
 .debug_ranges  0x000006b8      0x128 ..\obj\stm32f10x_adc.o
 .debug_ranges  0x000007e0       0x30 ..\obj\misc.o

.debug_line     0x00000000     0x279c
 .debug_line    0x00000000      0xa32 ..\obj\stm32f10x_tim.o
 .debug_line    0x00000a32       0xa4 ..\obj\startup_stm32f10x_md_vl.o
 .debug_line    0x00000ad6      0x273 ..\obj\core_cm3.o
 .debug_line    0x00000d49      0x1fd ..\obj\system_stm32f10x.o
 .debug_line    0x00000f46      0x331 ..\obj\hd44780_driver.o
 .debug_line    0x00001277      0x34c ..\obj\stm32f10x_gpio.o
 .debug_line    0x000015c3      0x48d ..\obj\main.o
 .debug_line    0x00001a50      0x46a ..\obj\stm32f10x_rcc.o
 .debug_line    0x00001eba      0x241 ..\obj\stm32f10x_exti.o
 .debug_line    0x000020fb      0x4c0 ..\obj\stm32f10x_adc.o
 .debug_line    0x000025bb      0x1e1 ..\obj\misc.o

.debug_str      0x00000000     0x26bd
 .debug_str     0x00000000      0xcc6 ..\obj\stm32f10x_tim.o
                                0xd76 (size before relaxing)
 .debug_str     0x00000cc6       0xb2 ..\obj\startup_stm32f10x_md_vl.o
                                0x11a (size before relaxing)
 .debug_str     0x00000d78      0x16e ..\obj\core_cm3.o
                                0x265 (size before relaxing)
 .debug_str     0x00000ee6      0x15b ..\obj\system_stm32f10x.o
                                0x26d (size before relaxing)
 .debug_str     0x00001041      0x185 ..\obj\hd44780_driver.o
                                0x281 (size before relaxing)
 .debug_str     0x000011c6      0x366 ..\obj\stm32f10x_gpio.o
                                0x4b2 (size before relaxing)
 .debug_str     0x0000152c      0x6bb ..\obj\main.o
                                0xacd (size before relaxing)
 .debug_str     0x00001be7      0x41c ..\obj\stm32f10x_rcc.o
                                0x606 (size before relaxing)
 .debug_str     0x00002003      0x104 ..\obj\stm32f10x_exti.o
                                0x2f7 (size before relaxing)
 .debug_str     0x00002107      0x465 ..\obj\stm32f10x_adc.o
                                0x694 (size before relaxing)
 .debug_str     0x0000256c      0x151 ..\obj\misc.o
                                0x35c (size before relaxing)

.comment        0x00000000       0x70
 .comment       0x00000000       0x70 ..\obj\stm32f10x_tim.o
                                 0x71 (size before relaxing)
 .comment       0x00000000       0x71 ..\obj\startup_stm32f10x_md_vl.o
 .comment       0x00000000       0x71 ..\obj\core_cm3.o
 .comment       0x00000000       0x71 ..\obj\system_stm32f10x.o
 .comment       0x00000000       0x71 ..\obj\hd44780_driver.o
 .comment       0x00000000       0x71 ..\obj\stm32f10x_gpio.o
 .comment       0x00000000       0x71 ..\obj\main.o
 .comment       0x00000000       0x71 ..\obj\stm32f10x_rcc.o
 .comment       0x00000000       0x71 ..\obj\stm32f10x_exti.o
 .comment       0x00000000       0x71 ..\obj\stm32f10x_adc.o
 .comment       0x00000000       0x71 ..\obj\misc.o

.ARM.attributes
                0x00000000       0x33
 .ARM.attributes
                0x00000000       0x33 ..\obj\stm32f10x_tim.o
 .ARM.attributes
                0x00000033       0x33 ..\obj\startup_stm32f10x_md_vl.o
 .ARM.attributes
                0x00000066       0x33 ..\obj\core_cm3.o
 .ARM.attributes
                0x00000099       0x33 ..\obj\system_stm32f10x.o
 .ARM.attributes
                0x000000cc       0x33 ..\obj\hd44780_driver.o
 .ARM.attributes
                0x000000ff       0x33 ..\obj\stm32f10x_gpio.o
 .ARM.attributes
                0x00000132       0x33 ..\obj\main.o
 .ARM.attributes
                0x00000165       0x33 ..\obj\stm32f10x_rcc.o
 .ARM.attributes
                0x00000198       0x33 ..\obj\stm32f10x_exti.o
 .ARM.attributes
                0x000001cb       0x33 ..\obj\stm32f10x_adc.o
 .ARM.attributes
                0x000001fe       0x33 ..\obj\misc.o

.debug_frame    0x00000000     0x1c0c
 .debug_frame   0x00000000      0xa20 ..\obj\stm32f10x_tim.o
 .debug_frame   0x00000a20       0x48 ..\obj\startup_stm32f10x_md_vl.o
 .debug_frame   0x00000a68      0x280 ..\obj\core_cm3.o
 .debug_frame   0x00000ce8       0x80 ..\obj\system_stm32f10x.o
 .debug_frame   0x00000d68      0x13c ..\obj\hd44780_driver.o
 .debug_frame   0x00000ea4      0x210 ..\obj\stm32f10x_gpio.o
 .debug_frame   0x000010b4      0x22c ..\obj\main.o
 .debug_frame   0x000012e0      0x3a4 ..\obj\stm32f10x_rcc.o
 .debug_frame   0x00001684       0xec ..\obj\stm32f10x_exti.o
 .debug_frame   0x00001770      0x400 ..\obj\stm32f10x_adc.o
 .debug_frame   0x00001b70       0x9c ..\obj\misc.o
